11.240.194.64 - - [23/Mar/2018:11:11:44 +0800] "GET /animation.html HTTP/1.1" 200 1223 "-" "Mozilla/5.0 (iPhone; CPU iPhone OS 10_3 like Mac OS X) AppleWebKit/602.1.50 (KHTML, like Gecko) CriOS/56.0.2924.75 Mobile/14E5239e Safari/602.1"
11.240.194.64 - - [23/Mar/2018:11:12:11 +0800] "GET /animation.html HTTP/1.1" 200 1223 "-" "Mozilla/5.0 (iPhone; CPU iPhone OS 10_3 like Mac OS X) AppleWebKit/602.1.50 (KHTML, like Gecko) CriOS/56.0.2924.75 Mobile/14E5239e Safari/602.1"
11.240.194.64 - - [23/Mar/2018:11:12:15 +0800] "GET /animation.html HTTP/1.1" 304 0 "-" "Mozilla/5.0 (iPhone; CPU iPhone OS 10_3 like Mac OS X) AppleWebKit/602.1.50 (KHTML, like Gecko) CriOS/56.0.2924.75 Mobile/14E5239e Safari/602.1"
11.240.194.64 - - [23/Mar/2018:11:12:22 +0800] "GET /animation.html HTTP/1.1" 200 1222 "-" "Mozilla/5.0 (iPhone; CPU iPhone OS 10_3 like Mac OS X) AppleWebKit/602.1.50 (KHTML, like Gecko) CriOS/56.0.2924.75 Mobile/14E5239e Safari/602.1"
11.240.194.64 - - [23/Mar/2018:11:12:47 +0800] "GET /animation.html HTTP/1.1" 200 1222 "-" "Mozilla/5.0 (iPhone; CPU iPhone OS 10_3 like Mac OS X) AppleWebKit/602.1.50 (KHTML, like Gecko) CriOS/56.0.2924.75 Mobile/14E5239e Safari/602.1"
11.240.194.64 - - [23/Mar/2018:11:13:36 +0800] "GET /animation.html HTTP/1.1" 200 1212 "-" "Mozilla/5.0 (iPhone; CPU iPhone OS 10_3 like Mac OS X) AppleWebKit/602.1.50 (KHTML, like Gecko) CriOS/56.0.2924.75 Mobile/14E5239e Safari/602.1"
11.240.194.64 - - [23/Mar/2018:11:14:01 +0800] "GET /animation.html HTTP/1.1" 200 1212 "-" "Mozilla/5.0 (iPhone; CPU iPhone OS 10_3 like Mac OS X) AppleWebKit/602.1.50 (KHTML, like Gecko) CriOS/56.0.2924.75 Mobile/14E5239e Safari/602.1"
11.240.194.64 - - [23/Mar/2018:11:14:23 +0800] "GET /animation.html HTTP/1.1" 304 0 "-" "Mozilla/5.0 (iPhone; CPU iPhone OS 10_3 like Mac OS X) AppleWebKit/602.1.50 (KHTML, like Gecko) CriOS/56.0.2924.75 Mobile/14E5239e Safari/602.1"
11.240.194.64 - - [23/Mar/2018:11:14:38 +0800] "GET /animation.html HTTP/1.1" 200 1215 "-" "Mozilla/5.0 (iPhone; CPU iPhone OS 10_3 like Mac OS X) AppleWebKit/602.1.50 (KHTML, like Gecko) CriOS/56.0.2924.75 Mobile/14E5239e Safari/602.1"
11.240.192.53 - - [23/Mar/2018:11:15:04 +0800] "GET /animation.html HTTP/1.1" 200 1215 "-" "Mozilla/5.0 (iPhone; CPU iPhone OS 10_3_2 like Mac OS X; zh-CN) AppleWebKit/537.51.1 (KHTML, like Gecko) Mobile/14F89 UCBrowser/11.9.0.1061 Mobile  AliApp(TUnionSDK/0.1.20.2)"
11.240.192.53 - - [23/Mar/2018:11:15:12 +0800] "GET /favicon.ico HTTP/1.1" 404 169 "-" "Mozilla/5.0 (iPhone; CPU iPhone OS 10_3_2 like Mac OS X; zh-CN) AppleWebKit/537.51.1 (KHTML, like Gecko) Mobile/14F89 UCBrowser/11.9.0.1061 Mobile  AliApp(TUnionSDK/0.1.20.2)"
11.240.194.64 - - [23/Mar/2018:11:15:46 +0800] "GET /animation.html HTTP/1.1" 200 1217 "-" "Mozilla/5.0 (iPhone; CPU iPhone OS 10_3 like Mac OS X) AppleWebKit/602.1.50 (KHTML, like Gecko) CriOS/56.0.2924.75 Mobile/14E5239e Safari/602.1"
11.240.192.53 - - [23/Mar/2018:11:15:52 +0800] "GET /animation.html HTTP/1.1" 200 1217 "-" "Mozilla/5.0 (iPhone; CPU iPhone OS 10_3_2 like Mac OS X; zh-CN) AppleWebKit/537.51.1 (KHTML, like Gecko) Mobile/14F89 UCBrowser/11.9.0.1061 Mobile  AliApp(TUnionSDK/0.1.20.2)"
11.240.192.53 - - [23/Mar/2018:11:16:00 +0800] "GET /favicon.ico HTTP/1.1" 404 169 "-" "Mozilla/5.0 (iPhone; CPU iPhone OS 10_3_2 like Mac OS X; zh-CN) AppleWebKit/537.51.1 (KHTML, like Gecko) Mobile/14F89 UCBrowser/11.9.0.1061 Mobile  AliApp(TUnionSDK/0.1.20.2)"
11.240.194.64 - - [23/Mar/2018:11:17:07 +0800] "GET /animation.html HTTP/1.1" 200 1180 "-" "Mozilla/5.0 (iPhone; CPU iPhone OS 10_3 like Mac OS X) AppleWebKit/602.1.50 (KHTML, like Gecko) CriOS/56.0.2924.75 Mobile/14E5239e Safari/602.1"
11.240.192.53 - - [23/Mar/2018:11:17:15 +0800] "GET /animation.html HTTP/1.1" 200 1180 "-" "Mozilla/5.0 (iPhone; CPU iPhone OS 10_3_2 like Mac OS X; zh-CN) AppleWebKit/537.51.1 (KHTML, like Gecko) Mobile/14F89 UCBrowser/11.9.0.1061 Mobile  AliApp(TUnionSDK/0.1.20.2)"
11.240.192.53 - - [23/Mar/2018:11:17:23 +0800] "GET /favicon.ico HTTP/1.1" 404 169 "-" "Mozilla/5.0 (iPhone; CPU iPhone OS 10_3_2 like Mac OS X; zh-CN) AppleWebKit/537.51.1 (KHTML, like Gecko) Mobile/14F89 UCBrowser/11.9.0.1061 Mobile  AliApp(TUnionSDK/0.1.20.2)"
11.240.194.64 - - [23/Mar/2018:11:22:12 +0800] "GET /animation.html HTTP/1.1" 200 1183 "-" "Mozilla/5.0 (iPhone; CPU iPhone OS 10_3 like Mac OS X) AppleWebKit/602.1.50 (KHTML, like Gecko) CriOS/56.0.2924.75 Mobile/14E5239e Safari/602.1"
11.240.192.53 - - [23/Mar/2018:11:22:24 +0800] "GET /animation.html HTTP/1.1" 200 1183 "-" "Mozilla/5.0 (iPhone; CPU iPhone OS 10_3_2 like Mac OS X; zh-CN) AppleWebKit/537.51.1 (KHTML, like Gecko) Mobile/14F89 UCBrowser/11.9.0.1061 Mobile  AliApp(TUnionSDK/0.1.20.2)"
11.240.192.53 - - [23/Mar/2018:11:22:32 +0800] "GET /favicon.ico HTTP/1.1" 404 169 "-" "Mozilla/5.0 (iPhone; CPU iPhone OS 10_3_2 like Mac OS X; zh-CN) AppleWebKit/537.51.1 (KHTML, like Gecko) Mobile/14F89 UCBrowser/11.9.0.1061 Mobile  AliApp(TUnionSDK/0.1.20.2)"
11.240.192.53 - - [23/Mar/2018:11:23:16 +0800] "GET /animation.html HTTP/1.1" 200 1203 "-" "Mozilla/5.0 (iPhone; CPU iPhone OS 10_3_2 like Mac OS X; zh-CN) AppleWebKit/537.51.1 (KHTML, like Gecko) Mobile/14F89 UCBrowser/11.9.0.1061 Mobile  AliApp(TUnionSDK/0.1.20.2)"
11.240.192.53 - - [23/Mar/2018:11:23:24 +0800] "GET /favicon.ico HTTP/1.1" 404 169 "-" "Mozilla/5.0 (iPhone; CPU iPhone OS 10_3_2 like Mac OS X; zh-CN) AppleWebKit/537.51.1 (KHTML, like Gecko) Mobile/14F89 UCBrowser/11.9.0.1061 Mobile  AliApp(TUnionSDK/0.1.20.2)"
11.240.192.53 - - [23/Mar/2018:11:23:57 +0800] "GET /animation.html HTTP/1.1" 200 1203 "-" "Mozilla/5.0 (iPhone; CPU iPhone OS 10_3_2 like Mac OS X; zh-CN) AppleWebKit/537.51.1 (KHTML, like Gecko) Mobile/14F89 UCBrowser/11.9.0.1061 Mobile  AliApp(TUnionSDK/0.1.20.2)"
11.240.192.53 - - [23/Mar/2018:11:24:01 +0800] "GET /animation.html HTTP/1.1" 304 0 "-" "Mozilla/5.0 (iPhone; CPU iPhone OS 10_3_2 like Mac OS X; zh-CN) AppleWebKit/537.51.1 (KHTML, like Gecko) Mobile/14F89 UCBrowser/11.9.0.1061 Mobile  AliApp(TUnionSDK/0.1.20.2)"
11.240.192.53 - - [23/Mar/2018:11:24:05 +0800] "GET /favicon.ico HTTP/1.1" 404 169 "-" "Mozilla/5.0 (iPhone; CPU iPhone OS 10_3_2 like Mac OS X; zh-CN) AppleWebKit/537.51.1 (KHTML, like Gecko) Mobile/14F89 UCBrowser/11.9.0.1061 Mobile  AliApp(TUnionSDK/0.1.20.2)"
11.240.194.64 - - [23/Mar/2018:11:24:13 +0800] "GET /animation.html HTTP/1.1" 200 1203 "-" "Mozilla/5.0 (iPhone; CPU iPhone OS 10_3 like Mac OS X) AppleWebKit/602.1.50 (KHTML, like Gecko) CriOS/56.0.2924.75 Mobile/14E5239e Safari/602.1"
11.240.194.64 - - [23/Mar/2018:11:24:41 +0800] "GET /animation.html HTTP/1.1" 200 1203 "-" "Mozilla/5.0 (iPhone; CPU iPhone OS 10_3 like Mac OS X) AppleWebKit/602.1.50 (KHTML, like Gecko) CriOS/56.0.2924.75 Mobile/14E5239e Safari/602.1"
11.240.194.64 - - [23/Mar/2018:11:24:49 +0800] "GET /animation.html HTTP/1.1" 200 1203 "-" "Mozilla/5.0 (iPhone; CPU iPhone OS 10_3 like Mac OS X) AppleWebKit/602.1.50 (KHTML, like Gecko) CriOS/56.0.2924.75 Mobile/14E5239e Safari/602.1"
11.240.194.64 - - [23/Mar/2018:11:25:03 +0800] "GET /animation.html HTTP/1.1" 200 1209 "-" "Mozilla/5.0 (iPhone; CPU iPhone OS 10_3 like Mac OS X) AppleWebKit/602.1.50 (KHTML, like Gecko) CriOS/56.0.2924.75 Mobile/14E5239e Safari/602.1"
11.240.194.64 - - [23/Mar/2018:11:25:27 +0800] "GET /animation.html HTTP/1.1" 200 1217 "-" "Mozilla/5.0 (iPhone; CPU iPhone OS 10_3 like Mac OS X) AppleWebKit/602.1.50 (KHTML, like Gecko) CriOS/56.0.2924.75 Mobile/14E5239e Safari/602.1"
11.240.192.53 - - [23/Mar/2018:11:25:32 +0800] "GET /animation.html HTTP/1.1" 200 1217 "-" "Mozilla/5.0 (iPhone; CPU iPhone OS 10_3_2 like Mac OS X; zh-CN) AppleWebKit/537.51.1 (KHTML, like Gecko) Mobile/14F89 UCBrowser/11.9.0.1061 Mobile  AliApp(TUnionSDK/0.1.20.2)"
11.240.192.53 - - [23/Mar/2018:11:25:40 +0800] "GET /favicon.ico HTTP/1.1" 404 169 "-" "Mozilla/5.0 (iPhone; CPU iPhone OS 10_3_2 like Mac OS X; zh-CN) AppleWebKit/537.51.1 (KHTML, like Gecko) Mobile/14F89 UCBrowser/11.9.0.1061 Mobile  AliApp(TUnionSDK/0.1.20.2)"
11.240.194.64 - - [23/Mar/2018:11:29:04 +0800] "GET /animation.html HTTP/1.1" 200 1453 "-" "Mozilla/5.0 (iPhone; CPU iPhone OS 10_3 like Mac OS X) AppleWebKit/602.1.50 (KHTML, like Gecko) CriOS/56.0.2924.75 Mobile/14E5239e Safari/602.1"
11.240.194.64 - - [23/Mar/2018:11:29:20 +0800] "GET /animation.html HTTP/1.1" 200 1454 "-" "Mozilla/5.0 (iPhone; CPU iPhone OS 10_3 like Mac OS X) AppleWebKit/602.1.50 (KHTML, like Gecko) CriOS/56.0.2924.75 Mobile/14E5239e Safari/602.1"
11.240.192.53 - - [23/Mar/2018:11:29:28 +0800] "GET /animation.html HTTP/1.1" 200 1454 "-" "Mozilla/5.0 (iPhone; CPU iPhone OS 10_3_2 like Mac OS X; zh-CN) AppleWebKit/537.51.1 (KHTML, like Gecko) Mobile/14F89 UCBrowser/11.9.0.1061 Mobile  AliApp(TUnionSDK/0.1.20.2)"
11.240.192.53 - - [23/Mar/2018:11:29:36 +0800] "GET /favicon.ico HTTP/1.1" 404 169 "-" "Mozilla/5.0 (iPhone; CPU iPhone OS 10_3_2 like Mac OS X; zh-CN) AppleWebKit/537.51.1 (KHTML, like Gecko) Mobile/14F89 UCBrowser/11.9.0.1061 Mobile  AliApp(TUnionSDK/0.1.20.2)"
11.240.194.64 - - [23/Mar/2018:11:30:05 +0800] "GET /animation.html HTTP/1.1" 200 1456 "-" "Mozilla/5.0 (iPhone; CPU iPhone OS 10_3 like Mac OS X) AppleWebKit/602.1.50 (KHTML, like Gecko) CriOS/56.0.2924.75 Mobile/14E5239e Safari/602.1"
11.240.192.53 - - [23/Mar/2018:11:30:10 +0800] "GET /animation.html HTTP/1.1" 200 1456 "-" "Mozilla/5.0 (iPhone; CPU iPhone OS 10_3_2 like Mac OS X; zh-CN) AppleWebKit/537.51.1 (KHTML, like Gecko) Mobile/14F89 UCBrowser/11.9.0.1061 Mobile  AliApp(TUnionSDK/0.1.20.2)"
11.240.192.53 - - [23/Mar/2018:11:30:18 +0800] "GET /favicon.ico HTTP/1.1" 404 169 "-" "Mozilla/5.0 (iPhone; CPU iPhone OS 10_3_2 like Mac OS X; zh-CN) AppleWebKit/537.51.1 (KHTML, like Gecko) Mobile/14F89 UCBrowser/11.9.0.1061 Mobile  AliApp(TUnionSDK/0.1.20.2)"
11.240.194.64 - - [23/Mar/2018:11:30:37 +0800] "GET /animation.html HTTP/1.1" 200 1413 "-" "Mozilla/5.0 (iPhone; CPU iPhone OS 10_3 like Mac OS X) AppleWebKit/602.1.50 (KHTML, like Gecko) CriOS/56.0.2924.75 Mobile/14E5239e Safari/602.1"
11.240.192.53 - - [23/Mar/2018:11:30:41 +0800] "GET /animation.html HTTP/1.1" 200 1413 "-" "Mozilla/5.0 (iPhone; CPU iPhone OS 10_3_2 like Mac OS X; zh-CN) AppleWebKit/537.51.1 (KHTML, like Gecko) Mobile/14F89 UCBrowser/11.9.0.1061 Mobile  AliApp(TUnionSDK/0.1.20.2)"
11.240.192.53 - - [23/Mar/2018:11:30:49 +0800] "GET /favicon.ico HTTP/1.1" 404 169 "-" "Mozilla/5.0 (iPhone; CPU iPhone OS 10_3_2 like Mac OS X; zh-CN) AppleWebKit/537.51.1 (KHTML, like Gecko) Mobile/14F89 UCBrowser/11.9.0.1061 Mobile  AliApp(TUnionSDK/0.1.20.2)"
11.240.194.64 - - [23/Mar/2018:11:31:35 +0800] "GET /animation.html HTTP/1.1" 200 1404 "-" "Mozilla/5.0 (iPhone; CPU iPhone OS 10_3 like Mac OS X) AppleWebKit/602.1.50 (KHTML, like Gecko) CriOS/56.0.2924.75 Mobile/14E5239e Safari/602.1"
11.240.192.53 - - [23/Mar/2018:11:31:40 +0800] "GET /animation.html HTTP/1.1" 200 1404 "-" "Mozilla/5.0 (iPhone; CPU iPhone OS 10_3_2 like Mac OS X; zh-CN) AppleWebKit/537.51.1 (KHTML, like Gecko) Mobile/14F89 UCBrowser/11.9.0.1061 Mobile  AliApp(TUnionSDK/0.1.20.2)"
11.240.192.53 - - [23/Mar/2018:11:31:48 +0800] "GET /favicon.ico HTTP/1.1" 404 169 "-" "Mozilla/5.0 (iPhone; CPU iPhone OS 10_3_2 like Mac OS X; zh-CN) AppleWebKit/537.51.1 (KHTML, like Gecko) Mobile/14F89 UCBrowser/11.9.0.1061 Mobile  AliApp(TUnionSDK/0.1.20.2)"
11.240.194.64 - - [23/Mar/2018:11:31:58 +0800] "GET /animation.html HTTP/1.1" 200 1402 "-" "Mozilla/5.0 (iPhone; CPU iPhone OS 10_3 like Mac OS X) AppleWebKit/602.1.50 (KHTML, like Gecko) CriOS/56.0.2924.75 Mobile/14E5239e Safari/602.1"
11.240.192.53 - - [23/Mar/2018:11:32:00 +0800] "GET /animation.html HTTP/1.1" 200 1402 "-" "Mozilla/5.0 (iPhone; CPU iPhone OS 10_3_2 like Mac OS X; zh-CN) AppleWebKit/537.51.1 (KHTML, like Gecko) Mobile/14F89 UCBrowser/11.9.0.1061 Mobile  AliApp(TUnionSDK/0.1.20.2)"
11.240.192.53 - - [23/Mar/2018:11:32:08 +0800] "GET /favicon.ico HTTP/1.1" 404 169 "-" "Mozilla/5.0 (iPhone; CPU iPhone OS 10_3_2 like Mac OS X; zh-CN) AppleWebKit/537.51.1 (KHTML, like Gecko) Mobile/14F89 UCBrowser/11.9.0.1061 Mobile  AliApp(TUnionSDK/0.1.20.2)"
11.240.194.64 - - [23/Mar/2018:11:32:15 +0800] "GET /animation.html HTTP/1.1" 200 1377 "-" "Mozilla/5.0 (iPhone; CPU iPhone OS 10_3 like Mac OS X) AppleWebKit/602.1.50 (KHTML, like Gecko) CriOS/56.0.2924.75 Mobile/14E5239e Safari/602.1"
11.240.192.53 - - [23/Mar/2018:11:32:18 +0800] "GET /animation.html HTTP/1.1" 200 1377 "-" "Mozilla/5.0 (iPhone; CPU iPhone OS 10_3_2 like Mac OS X; zh-CN) AppleWebKit/537.51.1 (KHTML, like Gecko) Mobile/14F89 UCBrowser/11.9.0.1061 Mobile  AliApp(TUnionSDK/0.1.20.2)"
11.240.192.53 - - [23/Mar/2018:11:32:26 +0800] "GET /favicon.ico HTTP/1.1" 404 169 "-" "Mozilla/5.0 (iPhone; CPU iPhone OS 10_3_2 like Mac OS X; zh-CN) AppleWebKit/537.51.1 (KHTML, like Gecko) Mobile/14F89 UCBrowser/11.9.0.1061 Mobile  AliApp(TUnionSDK/0.1.20.2)"
11.240.194.64 - - [23/Mar/2018:11:33:10 +0800] "GET /animation.html HTTP/1.1" 200 1603 "-" "Mozilla/5.0 (iPhone; CPU iPhone OS 10_3 like Mac OS X) AppleWebKit/602.1.50 (KHTML, like Gecko) CriOS/56.0.2924.75 Mobile/14E5239e Safari/602.1"
11.240.192.53 - - [23/Mar/2018:11:33:31 +0800] "GET /animation.html HTTP/1.1" 200 1603 "-" "Mozilla/5.0 (iPhone; CPU iPhone OS 10_3_2 like Mac OS X; zh-CN) AppleWebKit/537.51.1 (KHTML, like Gecko) Mobile/14F89 UCBrowser/11.9.0.1061 Mobile  AliApp(TUnionSDK/0.1.20.2)"
11.240.192.53 - - [23/Mar/2018:11:33:39 +0800] "GET /favicon.ico HTTP/1.1" 404 169 "-" "Mozilla/5.0 (iPhone; CPU iPhone OS 10_3_2 like Mac OS X; zh-CN) AppleWebKit/537.51.1 (KHTML, like Gecko) Mobile/14F89 UCBrowser/11.9.0.1061 Mobile  AliApp(TUnionSDK/0.1.20.2)"
11.240.194.64 - - [23/Mar/2018:11:39:08 +0800] "GET /animation.html HTTP/1.1" 200 1734 "-" "Mozilla/5.0 (iPhone; CPU iPhone OS 10_3 like Mac OS X) AppleWebKit/602.1.50 (KHTML, like Gecko) CriOS/56.0.2924.75 Mobile/14E5239e Safari/602.1"
11.240.192.53 - - [23/Mar/2018:11:39:14 +0800] "GET /animation.html HTTP/1.1" 200 1734 "-" "Mozilla/5.0 (iPhone; CPU iPhone OS 10_3_2 like Mac OS X; zh-CN) AppleWebKit/537.51.1 (KHTML, like Gecko) Mobile/14F89 UCBrowser/11.9.0.1061 Mobile  AliApp(TUnionSDK/0.1.20.2)"
11.240.192.53 - - [23/Mar/2018:11:39:22 +0800] "GET /favicon.ico HTTP/1.1" 404 169 "-" "Mozilla/5.0 (iPhone; CPU iPhone OS 10_3_2 like Mac OS X; zh-CN) AppleWebKit/537.51.1 (KHTML, like Gecko) Mobile/14F89 UCBrowser/11.9.0.1061 Mobile  AliApp(TUnionSDK/0.1.20.2)"
11.240.194.64 - - [23/Mar/2018:11:39:41 +0800] "GET /animation.html HTTP/1.1" 200 1734 "-" "Mozilla/5.0 (iPhone; CPU iPhone OS 10_3 like Mac OS X) AppleWebKit/602.1.50 (KHTML, like Gecko) CriOS/56.0.2924.75 Mobile/14E5239e Safari/602.1"
11.240.192.53 - - [23/Mar/2018:11:39:47 +0800] "GET /animation.html HTTP/1.1" 200 1734 "-" "Mozilla/5.0 (iPhone; CPU iPhone OS 10_3_2 like Mac OS X; zh-CN) AppleWebKit/537.51.1 (KHTML, like Gecko) Mobile/14F89 UCBrowser/11.9.0.1061 Mobile  AliApp(TUnionSDK/0.1.20.2)"
11.240.192.53 - - [23/Mar/2018:11:39:55 +0800] "GET /favicon.ico HTTP/1.1" 404 169 "-" "Mozilla/5.0 (iPhone; CPU iPhone OS 10_3_2 like Mac OS X; zh-CN) AppleWebKit/537.51.1 (KHTML, like Gecko) Mobile/14F89 UCBrowser/11.9.0.1061 Mobile  AliApp(TUnionSDK/0.1.20.2)"
11.240.194.64 - - [23/Mar/2018:11:40:17 +0800] "GET /animation.html HTTP/1.1" 200 1707 "-" "Mozilla/5.0 (iPhone; CPU iPhone OS 10_3 like Mac OS X) AppleWebKit/602.1.50 (KHTML, like Gecko) CriOS/56.0.2924.75 Mobile/14E5239e Safari/602.1"
11.240.194.64 - - [23/Mar/2018:11:40:32 +0800] "GET /animation.html HTTP/1.1" 200 1707 "-" "Mozilla/5.0 (iPhone; CPU iPhone OS 10_3 like Mac OS X) AppleWebKit/602.1.50 (KHTML, like Gecko) CriOS/56.0.2924.75 Mobile/14E5239e Safari/602.1"
11.240.192.53 - - [23/Mar/2018:11:40:37 +0800] "GET /animation.html HTTP/1.1" 200 1707 "-" "Mozilla/5.0 (iPhone; CPU iPhone OS 10_3_2 like Mac OS X; zh-CN) AppleWebKit/537.51.1 (KHTML, like Gecko) Mobile/14F89 UCBrowser/11.9.0.1061 Mobile  AliApp(TUnionSDK/0.1.20.2)"
11.240.192.53 - - [23/Mar/2018:11:40:45 +0800] "GET /favicon.ico HTTP/1.1" 404 169 "-" "Mozilla/5.0 (iPhone; CPU iPhone OS 10_3_2 like Mac OS X; zh-CN) AppleWebKit/537.51.1 (KHTML, like Gecko) Mobile/14F89 UCBrowser/11.9.0.1061 Mobile  AliApp(TUnionSDK/0.1.20.2)"
11.240.192.53 - - [23/Mar/2018:11:41:32 +0800] "GET /animation.html HTTP/1.1" 304 0 "-" "Mozilla/5.0 (iPhone; CPU iPhone OS 10_3_2 like Mac OS X; zh-CN) AppleWebKit/537.51.1 (KHTML, like Gecko) Mobile/14F89 UCBrowser/11.9.0.1061 Mobile  AliApp(TUnionSDK/0.1.20.2)"
11.240.192.53 - - [23/Mar/2018:11:41:40 +0800] "GET /favicon.ico HTTP/1.1" 404 169 "-" "Mozilla/5.0 (iPhone; CPU iPhone OS 10_3_2 like Mac OS X; zh-CN) AppleWebKit/537.51.1 (KHTML, like Gecko) Mobile/14F89 UCBrowser/11.9.0.1061 Mobile  AliApp(TUnionSDK/0.1.20.2)"
11.240.192.53 - - [23/Mar/2018:11:55:45 +0800] "GET /animation.html HTTP/1.1" 304 0 "-" "Mozilla/5.0 (iPhone; CPU iPhone OS 10_3_2 like Mac OS X; zh-CN) AppleWebKit/537.51.1 (KHTML, like Gecko) Mobile/14F89 UCBrowser/11.9.0.1061 Mobile  AliApp(TUnionSDK/0.1.20.2)"
11.240.192.53 - - [23/Mar/2018:11:55:54 +0800] "GET /favicon.ico HTTP/1.1" 404 169 "-" "Mozilla/5.0 (iPhone; CPU iPhone OS 10_3_2 like Mac OS X; zh-CN) AppleWebKit/537.51.1 (KHTML, like Gecko) Mobile/14F89 UCBrowser/11.9.0.1061 Mobile  AliApp(TUnionSDK/0.1.20.2)"
11.240.195.126 - - [26/Apr/2018:13:38:57 +0800] "GET / HTTP/1.1" 200 2135 "-" "Mozilla/5.0 (Windows NT 10.0; Win64; x64) AppleWebKit/537.36 (KHTML, like Gecko) Chrome/64.0.3282.119 Safari/537.36"
11.240.195.126 - - [26/Apr/2018:13:38:58 +0800] "GET /favicon.ico HTTP/1.1" 404 571 "http://11.240.195.126/" "Mozilla/5.0 (Windows NT 10.0; Win64; x64) AppleWebKit/537.36 (KHTML, like Gecko) Chrome/64.0.3282.119 Safari/537.36"
11.240.195.126 - - [26/Apr/2018:13:39:10 +0800] "GET /text HTTP/1.1" 404 571 "-" "Mozilla/5.0 (Windows NT 10.0; Win64; x64) AppleWebKit/537.36 (KHTML, like Gecko) Chrome/64.0.3282.119 Safari/537.36"
11.240.195.126 - - [26/Apr/2018:13:39:19 +0800] "GET /text.html HTTP/1.1" 200 2038 "-" "Mozilla/5.0 (Windows NT 10.0; Win64; x64) AppleWebKit/537.36 (KHTML, like Gecko) Chrome/64.0.3282.119 Safari/537.36"
11.240.192.29 - - [26/Apr/2018:13:39:51 +0800] "GET /text.html?nsukey=6%2BdMypeBv208TbJwYCzBOKh2o9VZZV%2BToBuRx8v3%2Buy0sJo86YbsSFrvsRS8XjoR3jKzrVM3cSTv825OsqwWVlPsmbH1cER1WA%2FIfIKKdwt4Bv3dPurE0ioy2V6DTiagTkyaDCQmeZAwH%2BAp%2Fn6F886OIEv%2FQM6t8%2BkbqCqvyQiJzEDdQcD%2BrY82hJPU6y3bsV16sIMTMvQo6j62z%2FNSNQ%3D%3D HTTP/1.1" 200 2038 "-" "Mozilla/5.0 (iPhone; CPU iPhone OS 10_3_2 like Mac OS X) AppleWebKit/603.2.4 (KHTML, like Gecko) Mobile/14F89 MicroMessenger/6.6.6 NetType/WIFI Language/zh_CN"
11.240.195.126 - - [26/Apr/2018:13:40:20 +0800] "GET /text.html HTTP/1.1" 200 2065 "-" "Mozilla/5.0 (iPhone; CPU iPhone OS 10_3 like Mac OS X) AppleWebKit/602.1.50 (KHTML, like Gecko) CriOS/56.0.2924.75 Mobile/14E5239e Safari/602.1"
11.240.192.29 - - [26/Apr/2018:13:40:23 +0800] "GET /text.html?nsukey=6%2BdMypeBv208TbJwYCzBOKh2o9VZZV%2BToBuRx8v3%2Buy0sJo86YbsSFrvsRS8XjoR3jKzrVM3cSTv825OsqwWVlPsmbH1cER1WA%2FIfIKKdwt4Bv3dPurE0ioy2V6DTiagTkyaDCQmeZAwH%2BAp%2Fn6F886OIEv%2FQM6t8%2BkbqCqvyQiJzEDdQcD%2BrY82hJPU6y3bsV16sIMTMvQo6j62z%2FNSNQ%3D%3D HTTP/1.1" 200 2065 "-" "Mozilla/5.0 (iPhone; CPU iPhone OS 10_3_2 like Mac OS X) AppleWebKit/603.2.4 (KHTML, like Gecko) Mobile/14F89 MicroMessenger/6.6.6 NetType/WIFI Language/zh_CN"
11.240.195.126 - - [26/Apr/2018:13:40:42 +0800] "GET /text.html HTTP/1.1" 200 1983 "-" "Mozilla/5.0 (iPhone; CPU iPhone OS 10_3 like Mac OS X) AppleWebKit/602.1.50 (KHTML, like Gecko) CriOS/56.0.2924.75 Mobile/14E5239e Safari/602.1"
11.240.192.29 - - [26/Apr/2018:13:40:46 +0800] "GET /text.html?nsukey=6%2BdMypeBv208TbJwYCzBOKh2o9VZZV%2BToBuRx8v3%2Buy0sJo86YbsSFrvsRS8XjoR3jKzrVM3cSTv825OsqwWVlPsmbH1cER1WA%2FIfIKKdwt4Bv3dPurE0ioy2V6DTiagTkyaDCQmeZAwH%2BAp%2Fn6F886OIEv%2FQM6t8%2BkbqCqvyQiJzEDdQcD%2BrY82hJPU6y3bsV16sIMTMvQo6j62z%2FNSNQ%3D%3D HTTP/1.1" 200 1983 "-" "Mozilla/5.0 (iPhone; CPU iPhone OS 10_3_2 like Mac OS X) AppleWebKit/603.2.4 (KHTML, like Gecko) Mobile/14F89 MicroMessenger/6.6.6 NetType/WIFI Language/zh_CN"
11.240.195.126 - - [26/Apr/2018:13:41:38 +0800] "GET /text.html HTTP/1.1" 200 2073 "-" "Mozilla/5.0 (iPhone; CPU iPhone OS 10_3 like Mac OS X) AppleWebKit/602.1.50 (KHTML, like Gecko) CriOS/56.0.2924.75 Mobile/14E5239e Safari/602.1"
11.240.192.29 - - [26/Apr/2018:13:41:44 +0800] "GET /text.html?nsukey=6%2BdMypeBv208TbJwYCzBOKh2o9VZZV%2BToBuRx8v3%2Buy0sJo86YbsSFrvsRS8XjoR3jKzrVM3cSTv825OsqwWVlPsmbH1cER1WA%2FIfIKKdwt4Bv3dPurE0ioy2V6DTiagTkyaDCQmeZAwH%2BAp%2Fn6F886OIEv%2FQM6t8%2BkbqCqvyQiJzEDdQcD%2BrY82hJPU6y3bsV16sIMTMvQo6j62z%2FNSNQ%3D%3D HTTP/1.1" 200 2073 "-" "Mozilla/5.0 (iPhone; CPU iPhone OS 10_3_2 like Mac OS X) AppleWebKit/603.2.4 (KHTML, like Gecko) Mobile/14F89 MicroMessenger/6.6.6 NetType/WIFI Language/zh_CN"
11.240.195.126 - - [26/Apr/2018:13:42:10 +0800] "GET /text.html HTTP/1.1" 200 2098 "-" "Mozilla/5.0 (iPhone; CPU iPhone OS 10_3 like Mac OS X) AppleWebKit/602.1.50 (KHTML, like Gecko) CriOS/56.0.2924.75 Mobile/14E5239e Safari/602.1"
11.240.195.126 - - [26/Apr/2018:13:42:11 +0800] "GET /text.html HTTP/1.1" 200 2098 "-" "Mozilla/5.0 (iPhone; CPU iPhone OS 10_3 like Mac OS X) AppleWebKit/602.1.50 (KHTML, like Gecko) CriOS/56.0.2924.75 Mobile/14E5239e Safari/602.1"
11.240.192.29 - - [26/Apr/2018:13:42:13 +0800] "GET /text.html?nsukey=6%2BdMypeBv208TbJwYCzBOKh2o9VZZV%2BToBuRx8v3%2Buy0sJo86YbsSFrvsRS8XjoR3jKzrVM3cSTv825OsqwWVlPsmbH1cER1WA%2FIfIKKdwt4Bv3dPurE0ioy2V6DTiagTkyaDCQmeZAwH%2BAp%2Fn6F886OIEv%2FQM6t8%2BkbqCqvyQiJzEDdQcD%2BrY82hJPU6y3bsV16sIMTMvQo6j62z%2FNSNQ%3D%3D HTTP/1.1" 200 2098 "-" "Mozilla/5.0 (iPhone; CPU iPhone OS 10_3_2 like Mac OS X) AppleWebKit/603.2.4 (KHTML, like Gecko) Mobile/14F89 MicroMessenger/6.6.6 NetType/WIFI Language/zh_CN"
192.168.175.128 - - [14/Dec/2018:10:28:58 +0800] "GET / HTTP/1.1" 200 2151 "-" "Mozilla/5.0 (Windows NT 10.0; Win64; x64) AppleWebKit/537.36 (KHTML, like Gecko) Chrome/69.0.3497.100 Safari/537.36"
192.168.175.128 - - [14/Dec/2018:10:29:01 +0800] "GET /favicon.ico HTTP/1.1" 404 571 "http://192.168.175.128/" "Mozilla/5.0 (Windows NT 10.0; Win64; x64) AppleWebKit/537.36 (KHTML, like Gecko) Chrome/69.0.3497.100 Safari/537.36"
192.168.175.128 - - [14/Dec/2018:10:29:19 +0800] "GET /camera HTTP/1.1" 404 571 "-" "Mozilla/5.0 (Windows NT 10.0; Win64; x64) AppleWebKit/537.36 (KHTML, like Gecko) Chrome/69.0.3497.100 Safari/537.36"
192.168.175.128 - - [14/Dec/2018:10:29:25 +0800] "GET /camera.html HTTP/1.1" 200 761 "-" "Mozilla/5.0 (Windows NT 10.0; Win64; x64) AppleWebKit/537.36 (KHTML, like Gecko) Chrome/69.0.3497.100 Safari/537.36"
192.168.177.121 - - [14/Dec/2018:10:29:54 +0800] "GET /camera.html HTTP/1.1" 200 761 "-" "Mozilla/5.0 (iPhone; CPU iPhone OS 10_3_2 like Mac OS X) AppleWebKit/603.2.4 (KHTML, like Gecko) Mobile/14F89 MicroMessenger/6.7.4(0x1607042c) NetType/WIFI Language/zh_CN"
192.168.164.72 - - [14/Dec/2018:10:31:01 +0800] "GET /camera.html HTTP/1.1" 200 761 "-" "Mozilla/5.0 (Linux; U; Android 8.0.0; zh-cn; BKL-AL00 Build/HUAWEIBKL-AL00) AppleWebKit/537.36 (KHTML, like Gecko) Version/4.0 Chrome/57.0.2987.132 MQQBrowser/8.9 Mobile Safari/537.36"
192.168.164.72 - - [14/Dec/2018:10:31:01 +0800] "GET /favicon.ico HTTP/1.1" 404 571 "http://192.168.175.128/camera.html" "Mozilla/5.0 (Linux; U; Android 8.0.0; zh-cn; BKL-AL00 Build/HUAWEIBKL-AL00) AppleWebKit/537.36 (KHTML, like Gecko) Version/4.0 Chrome/57.0.2987.132 MQQBrowser/8.9 Mobile Safari/537.36"
192.168.175.128 - - [14/Dec/2018:11:01:58 +0800] "GET /camera.html HTTP/1.1" 200 860 "-" "Mozilla/5.0 (Windows NT 10.0; Win64; x64) AppleWebKit/537.36 (KHTML, like Gecko) Chrome/69.0.3497.100 Safari/537.36"
192.168.175.128 - - [14/Dec/2018:11:01:58 +0800] "GET /path/to/vconsole.min.js HTTP/1.1" 404 571 "http://192.168.175.128/camera.html" "Mozilla/5.0 (Windows NT 10.0; Win64; x64) AppleWebKit/537.36 (KHTML, like Gecko) Chrome/69.0.3497.100 Safari/537.36"
192.168.177.121 - - [14/Dec/2018:11:02:15 +0800] "GET /camera.html HTTP/1.1" 200 860 "-" "Mozilla/5.0 (iPhone; CPU iPhone OS 10_3_2 like Mac OS X) AppleWebKit/603.2.4 (KHTML, like Gecko) Mobile/14F89 MicroMessenger/6.7.4(0x1607042c) NetType/WIFI Language/zh_CN"
192.168.177.121 - - [14/Dec/2018:11:02:15 +0800] "GET /path/to/vconsole.min.js HTTP/1.1" 404 169 "http://192.168.175.128/camera.html" "Mozilla/5.0 (iPhone; CPU iPhone OS 10_3_2 like Mac OS X) AppleWebKit/603.2.4 (KHTML, like Gecko) Mobile/14F89 MicroMessenger/6.7.4(0x1607042c) NetType/WIFI Language/zh_CN"
192.168.175.128 - - [14/Dec/2018:11:02:32 +0800] "GET /camera.html HTTP/1.1" 304 0 "-" "Mozilla/5.0 (Windows NT 10.0; Win64; x64) AppleWebKit/537.36 (KHTML, like Gecko) Chrome/69.0.3497.100 Safari/537.36"
192.168.175.128 - - [14/Dec/2018:11:02:32 +0800] "GET /path/to/vconsole.min.js HTTP/1.1" 404 571 "http://192.168.175.128/camera.html" "Mozilla/5.0 (Windows NT 10.0; Win64; x64) AppleWebKit/537.36 (KHTML, like Gecko) Chrome/69.0.3497.100 Safari/537.36"
192.168.175.128 - - [14/Dec/2018:11:03:31 +0800] "GET /camera.html HTTP/1.1" 200 891 "-" "Mozilla/5.0 (Windows NT 10.0; Win64; x64) AppleWebKit/537.36 (KHTML, like Gecko) Chrome/69.0.3497.100 Safari/537.36"
192.168.177.121 - - [14/Dec/2018:11:03:35 +0800] "GET /camera.html HTTP/1.1" 200 891 "-" "Mozilla/5.0 (iPhone; CPU iPhone OS 10_3_2 like Mac OS X) AppleWebKit/603.2.4 (KHTML, like Gecko) Mobile/14F89 MicroMessenger/6.7.4(0x1607042c) NetType/WIFI Language/zh_CN"
192.168.175.128 - - [14/Dec/2018:11:03:42 +0800] "GET /camera.html HTTP/1.1" 304 0 "-" "Mozilla/5.0 (Windows NT 10.0; Win64; x64) AppleWebKit/537.36 (KHTML, like Gecko) Chrome/69.0.3497.100 Safari/537.36"
192.168.177.121 - - [14/Dec/2018:11:03:47 +0800] "GET /camera.html HTTP/1.1" 200 891 "-" "Mozilla/5.0 (iPhone; CPU iPhone OS 10_3_2 like Mac OS X) AppleWebKit/603.2.4 (KHTML, like Gecko) Mobile/14F89 MicroMessenger/6.7.4(0x1607042c) NetType/WIFI Language/zh_CN"
192.168.175.128 - - [14/Dec/2018:11:04:04 +0800] "GET /camera.html HTTP/1.1" 200 891 "-" "Mozilla/5.0 (Windows NT 10.0; Win64; x64) AppleWebKit/537.36 (KHTML, like Gecko) Chrome/69.0.3497.100 Safari/537.36"
192.168.175.128 - - [14/Dec/2018:11:04:11 +0800] "GET /camera.html HTTP/1.1" 200 891 "-" "Mozilla/5.0 (Linux; Android 6.0; Nexus 5 Build/MRA58N) AppleWebKit/537.36 (KHTML, like Gecko) Chrome/69.0.3497.100 Mobile Safari/537.36"
192.168.175.128 - - [14/Dec/2018:11:04:42 +0800] "GET /camera.html HTTP/1.1" 200 891 "-" "Mozilla/5.0 (Windows NT 10.0; Win64; x64) AppleWebKit/537.36 (KHTML, like Gecko) Chrome/69.0.3497.100 Safari/537.36"
192.168.175.128 - - [14/Dec/2018:11:05:08 +0800] "GET /camera.html HTTP/1.1" 200 926 "-" "Mozilla/5.0 (Windows NT 10.0; Win64; x64) AppleWebKit/537.36 (KHTML, like Gecko) Chrome/69.0.3497.100 Safari/537.36"
192.168.177.121 - - [14/Dec/2018:11:05:42 +0800] "GET /camera.html HTTP/1.1" 200 926 "-" "Mozilla/5.0 (iPhone; CPU iPhone OS 10_3_2 like Mac OS X) AppleWebKit/603.2.4 (KHTML, like Gecko) Mobile/14F89 MicroMessenger/6.7.4(0x1607042c) NetType/WIFI Language/zh_CN"
192.168.177.121 - - [14/Dec/2018:11:06:05 +0800] "GET /camera.html HTTP/1.1" 200 913 "-" "Mozilla/5.0 (iPhone; CPU iPhone OS 10_3_2 like Mac OS X) AppleWebKit/603.2.4 (KHTML, like Gecko) Mobile/14F89 MicroMessenger/6.7.4(0x1607042c) NetType/WIFI Language/zh_CN"
127.0.0.1 - - [14/Dec/2018:13:41:03 +0800] "GET http://config.pinyin.sogou.com/api/toolbox/geturl.php?h=95F836778C37753722EC4C44ED353B6F&v=8.8.0.1956&r=0000_sogou_pinyin_88c HTTP/1.1" 404 169 "-" "SOGOU_UPDATER"
127.0.0.1 - - [14/Dec/2018:13:45:43 +0800] "GET http://input.shouji.sogou.com/jsp/personalcenter/pcgettime.jsp?h=95F836778C37753722EC4C44ED353B6F&v=8.8.0.1956&r=0000_sogou_pinyin_88c&St=1&Ut=1 HTTP/1.1" 404 169 "-" "SOGOU_UPDATER"
127.0.0.1 - - [14/Dec/2018:13:56:28 +0800] "GET http://config.pinyin.sogou.com/api/toolbox/geturl.php?h=95F836778C37753722EC4C44ED353B6F&v=8.8.0.1956&r=0000_sogou_pinyin_88c HTTP/1.1" 404 169 "-" "SOGOU_UPDATER"
127.0.0.1 - - [14/Dec/2018:15:36:03 +0800] "GET http://config.pinyin.sogou.com/api/toolbox/geturl.php?h=95F836778C37753722EC4C44ED353B6F&v=8.8.0.1956&r=0000_sogou_pinyin_88c HTTP/1.1" 404 169 "-" "SOGOU_UPDATER"
192.168.175.128 - - [14/Dec/2018:16:02:50 +0800] "GET / HTTP/1.1" 200 2151 "-" "Mozilla/5.0 (Windows NT 10.0; Win64; x64) AppleWebKit/537.36 (KHTML, like Gecko) Chrome/69.0.3497.100 Safari/537.36"
192.168.175.128 - - [14/Dec/2018:16:03:00 +0800] "GET /camera.html HTTP/1.1" 200 777 "-" "Mozilla/5.0 (Windows NT 10.0; Win64; x64) AppleWebKit/537.36 (KHTML, like Gecko) Chrome/69.0.3497.100 Safari/537.36"
192.168.177.121 - - [14/Dec/2018:16:03:49 +0800] "GET /camera.html HTTP/1.1" 200 777 "-" "Mozilla/5.0 (iPhone; CPU iPhone OS 10_3_2 like Mac OS X) AppleWebKit/603.2.4 (KHTML, like Gecko) Mobile/14F89 MicroMessenger/6.7.4(0x1607042c) NetType/WIFI Language/zh_CN"
127.0.0.1 - - [14/Dec/2018:18:55:23 +0800] "GET http://config.pinyin.sogou.com/api/toolbox/geturl.php?h=95F836778C37753722EC4C44ED353B6F&v=8.8.0.1956&r=0000_sogou_pinyin_88c HTTP/1.1" 404 169 "-" "SOGOU_UPDATER"
127.0.0.1 - - [20/Dec/2018:10:48:20 +0800] "GET http://config.pinyin.sogou.com/api/toolbox/geturl.php?h=95F836778C37753722EC4C44ED353B6F&v=8.8.0.1956&r=0000_sogou_pinyin_88c HTTP/1.1" 404 169 "-" "SOGOU_UPDATER"
192.168.175.128 - - [20/Dec/2018:10:51:28 +0800] "GET /inputfn.html HTTP/1.1" 200 286 "-" "Mozilla/5.0 (Windows NT 10.0; Win64; x64) AppleWebKit/537.36 (KHTML, like Gecko) Chrome/69.0.3497.100 Safari/537.36"
192.168.175.128 - - [20/Dec/2018:10:51:34 +0800] "GET /favicon.ico HTTP/1.1" 404 571 "http://192.168.175.128/inputfn.html" "Mozilla/5.0 (Windows NT 10.0; Win64; x64) AppleWebKit/537.36 (KHTML, like Gecko) Chrome/69.0.3497.100 Safari/537.36"
192.168.180.27 - - [20/Dec/2018:10:52:02 +0800] "GET /inputfn.html HTTP/1.1" 200 286 "-" "Mozilla/5.0 (iPhone; CPU iPhone OS 10_3_2 like Mac OS X) AppleWebKit/603.2.4 (KHTML, like Gecko) Mobile/14F89 MicroMessenger/6.7.4(0x1607042c) NetType/WIFI Language/zh_CN"
192.168.180.27 - - [20/Dec/2018:10:52:41 +0800] "GET /inputfn.html HTTP/1.1" 200 300 "-" "Mozilla/5.0 (iPhone; CPU iPhone OS 10_3_2 like Mac OS X) AppleWebKit/603.2.4 (KHTML, like Gecko) Mobile/14F89 MicroMessenger/6.7.4(0x1607042c) NetType/WIFI Language/zh_CN"
127.0.0.1 - - [20/Dec/2018:13:41:26 +0800] "POST http://www.sogou.com/imewis/msugg?ifc=4&em=4 HTTP/1.1" 404 169 "-" "SogouPSI"
127.0.0.1 - - [20/Dec/2018:13:41:26 +0800] "POST http://www.sogou.com/imewis/msugg?ifc=4&em=4 HTTP/1.1" 404 169 "-" "SogouPSI"
127.0.0.1 - - [20/Dec/2018:13:41:28 +0800] "POST http://www.sogou.com/imewis/msugg?ifc=4&em=4 HTTP/1.1" 404 169 "-" "SogouPSI"
127.0.0.1 - - [20/Dec/2018:13:41:28 +0800] "POST http://www.sogou.com/imewis/msugg?ifc=4&em=4 HTTP/1.1" 404 169 "-" "SogouPSI"
127.0.0.1 - - [20/Dec/2018:13:41:28 +0800] "POST http://www.sogou.com/imewis/msugg?ifc=4&em=4 HTTP/1.1" 404 169 "-" "SogouPSI"
127.0.0.1 - - [20/Dec/2018:13:41:30 +0800] "POST http://www.sogou.com/imewis/msugg?ifc=4&em=4 HTTP/1.1" 404 169 "-" "SogouPSI"
127.0.0.1 - - [20/Dec/2018:13:41:31 +0800] "POST http://www.sogou.com/imewis/msugg?ifc=4&em=4 HTTP/1.1" 404 169 "-" "SogouPSI"
127.0.0.1 - - [20/Dec/2018:13:41:31 +0800] "POST http://www.sogou.com/imewis/msugg?ifc=4&em=4 HTTP/1.1" 404 169 "-" "SogouPSI"
127.0.0.1 - - [20/Dec/2018:13:41:32 +0800] "POST http://www.sogou.com/imewis/msugg?ifc=4&em=4 HTTP/1.1" 404 169 "-" "SogouPSI"
127.0.0.1 - - [20/Dec/2018:13:41:32 +0800] "POST http://www.sogou.com/imewis/msugg?ifc=4&em=4 HTTP/1.1" 404 169 "-" "SogouPSI"
127.0.0.1 - - [20/Dec/2018:13:41:33 +0800] "POST http://www.sogou.com/imewis/msugg?ifc=4&em=4 HTTP/1.1" 404 169 "-" "SogouPSI"
127.0.0.1 - - [20/Dec/2018:13:41:33 +0800] "POST http://www.sogou.com/imewis/msugg?ifc=4&em=4 HTTP/1.1" 404 169 "-" "SogouPSI"
127.0.0.1 - - [20/Dec/2018:13:41:34 +0800] "POST http://www.sogou.com/imewis/msugg?ifc=4&em=4 HTTP/1.1" 404 169 "-" "SogouPSI"
127.0.0.1 - - [20/Dec/2018:13:41:35 +0800] "POST http://www.sogou.com/imewis/msugg?ifc=4&em=4 HTTP/1.1" 404 169 "-" "SogouPSI"
127.0.0.1 - - [20/Dec/2018:13:41:35 +0800] "POST http://www.sogou.com/imewis/msugg?ifc=4&em=4 HTTP/1.1" 404 169 "-" "SogouPSI"
127.0.0.1 - - [20/Dec/2018:13:41:35 +0800] "POST http://www.sogou.com/imewis/msugg?ifc=4&em=4 HTTP/1.1" 404 169 "-" "SogouPSI"
127.0.0.1 - - [20/Dec/2018:13:41:36 +0800] "POST http://www.sogou.com/imewis/msugg?ifc=4&em=4 HTTP/1.1" 404 169 "-" "SogouPSI"
127.0.0.1 - - [20/Dec/2018:13:41:36 +0800] "POST http://www.sogou.com/imewis/msugg?ifc=4&em=4 HTTP/1.1" 404 169 "-" "SogouPSI"
127.0.0.1 - - [20/Dec/2018:13:41:37 +0800] "POST http://www.sogou.com/imewis/msugg?ifc=4&em=4 HTTP/1.1" 404 169 "-" "SogouPSI"
127.0.0.1 - - [20/Dec/2018:13:41:37 +0800] "POST http://www.sogou.com/imewis/msugg?ifc=4&em=4 HTTP/1.1" 404 169 "-" "SogouPSI"
127.0.0.1 - - [20/Dec/2018:13:41:37 +0800] "POST http://www.sogou.com/imewis/msugg?ifc=4&em=4 HTTP/1.1" 404 169 "-" "SogouPSI"
127.0.0.1 - - [20/Dec/2018:13:41:37 +0800] "POST http://www.sogou.com/imewis/msugg?ifc=4&em=4 HTTP/1.1" 404 169 "-" "SogouPSI"
127.0.0.1 - - [20/Dec/2018:13:41:37 +0800] "POST http://www.sogou.com/imewis/msugg?ifc=4&em=4 HTTP/1.1" 404 169 "-" "SogouPSI"
127.0.0.1 - - [20/Dec/2018:13:41:38 +0800] "POST http://www.sogou.com/imewis/msugg?ifc=4&em=4 HTTP/1.1" 404 169 "-" "SogouPSI"
127.0.0.1 - - [20/Dec/2018:13:41:39 +0800] "POST http://www.sogou.com/imewis/msugg?ifc=4&em=4 HTTP/1.1" 404 169 "-" "SogouPSI"
127.0.0.1 - - [20/Dec/2018:13:41:39 +0800] "POST http://www.sogou.com/imewis/msugg?ifc=4&em=4 HTTP/1.1" 404 169 "-" "SogouPSI"
127.0.0.1 - - [20/Dec/2018:13:41:39 +0800] "POST http://www.sogou.com/imewis/msugg?ifc=4&em=4 HTTP/1.1" 404 169 "-" "SogouPSI"
127.0.0.1 - - [20/Dec/2018:13:41:39 +0800] "POST http://www.sogou.com/imewis/msugg?ifc=4&em=4 HTTP/1.1" 404 169 "-" "SogouPSI"
127.0.0.1 - - [20/Dec/2018:13:41:40 +0800] "POST http://www.sogou.com/imewis/msugg?ifc=4&em=4 HTTP/1.1" 404 169 "-" "SogouPSI"
127.0.0.1 - - [20/Dec/2018:13:41:40 +0800] "POST http://www.sogou.com/imewis/msugg?ifc=4&em=4 HTTP/1.1" 404 169 "-" "SogouPSI"
127.0.0.1 - - [20/Dec/2018:13:41:40 +0800] "POST http://www.sogou.com/imewis/msugg?ifc=4&em=4 HTTP/1.1" 404 169 "-" "SogouPSI"
127.0.0.1 - - [20/Dec/2018:13:41:40 +0800] "POST http://www.sogou.com/imewis/msugg?ifc=4&em=4 HTTP/1.1" 404 169 "-" "SogouPSI"
127.0.0.1 - - [20/Dec/2018:14:04:53 +0800] "GET http://input.shouji.sogou.com/jsp/personalcenter/pcgettime.jsp?h=95F836778C37753722EC4C44ED353B6F&v=8.8.0.1956&r=0000_sogou_pinyin_88c&St=1&Ut=1 HTTP/1.1" 404 169 "-" "SOGOU_UPDATER"
192.168.175.128 - - [20/Dec/2018:14:30:51 +0800] "GET /inputfn.html HTTP/1.1" 200 303 "-" "Mozilla/5.0 (Windows NT 10.0; Win64; x64) AppleWebKit/537.36 (KHTML, like Gecko) Chrome/69.0.3497.100 Safari/537.36"
192.168.180.27 - - [20/Dec/2018:14:31:11 +0800] "GET /inputfn.html HTTP/1.1" 200 303 "-" "Mozilla/5.0 (iPhone; CPU iPhone OS 10_3_2 like Mac OS X) AppleWebKit/603.2.4 (KHTML, like Gecko) Mobile/14F89 MicroMessenger/6.7.4(0x1607042c) NetType/WIFI Language/zh_CN"
192.168.180.27 - - [20/Dec/2018:14:31:27 +0800] "GET /inputfn.html HTTP/1.1" 200 303 "-" "Mozilla/5.0 (iPhone; CPU iPhone OS 10_3_2 like Mac OS X) AppleWebKit/603.2.4 (KHTML, like Gecko) Mobile/14F89 MicroMessenger/6.7.4(0x1607042c) NetType/WIFI Language/zh_CN"
192.168.180.27 - - [20/Dec/2018:14:31:41 +0800] "GET /inputfn.html HTTP/1.1" 200 303 "-" "Mozilla/5.0 (iPhone; CPU iPhone OS 10_3_2 like Mac OS X) AppleWebKit/603.2.4 (KHTML, like Gecko) Mobile/14F89 MicroMessenger/6.7.4(0x1607042c) NetType/WIFI Language/zh_CN"
127.0.0.1 - - [20/Dec/2018:14:46:04 +0800] "GET http://config.pinyin.sogou.com/api/toolbox/geturl.php?h=95F836778C37753722EC4C44ED353B6F&v=8.8.0.1956&r=0000_sogou_pinyin_88c HTTP/1.1" 404 169 "-" "SOGOU_UPDATER"
127.0.0.1 - - [20/Dec/2018:14:55:16 +0800] "POST http://www.sogou.com/imewis/msugg?ifc=4&em=4 HTTP/1.1" 404 169 "-" "SogouPSI"
127.0.0.1 - - [20/Dec/2018:14:55:16 +0800] "POST http://www.sogou.com/imewis/msugg?ifc=4&em=4 HTTP/1.1" 404 169 "-" "SogouPSI"
127.0.0.1 - - [20/Dec/2018:14:55:16 +0800] "POST http://www.sogou.com/imewis/msugg?ifc=4&em=4 HTTP/1.1" 404 169 "-" "SogouPSI"
127.0.0.1 - - [20/Dec/2018:14:55:17 +0800] "POST http://www.sogou.com/imewis/msugg?ifc=4&em=4 HTTP/1.1" 404 169 "-" "SogouPSI"
127.0.0.1 - - [20/Dec/2018:14:55:17 +0800] "POST http://www.sogou.com/imewis/msugg?ifc=4&em=4 HTTP/1.1" 404 169 "-" "SogouPSI"
127.0.0.1 - - [20/Dec/2018:14:55:17 +0800] "POST http://www.sogou.com/imewis/msugg?ifc=4&em=4 HTTP/1.1" 404 169 "-" "SogouPSI"
127.0.0.1 - - [20/Dec/2018:14:55:18 +0800] "POST http://www.sogou.com/imewis/msugg?ifc=4&em=4 HTTP/1.1" 404 169 "-" "SogouPSI"
127.0.0.1 - - [20/Dec/2018:14:55:18 +0800] "POST http://www.sogou.com/imewis/msugg?ifc=4&em=4 HTTP/1.1" 404 169 "-" "SogouPSI"
127.0.0.1 - - [20/Dec/2018:14:55:18 +0800] "POST http://www.sogou.com/imewis/msugg?ifc=4&em=4 HTTP/1.1" 404 169 "-" "SogouPSI"
127.0.0.1 - - [20/Dec/2018:14:55:18 +0800] "POST http://www.sogou.com/imewis/msugg?ifc=4&em=4 HTTP/1.1" 404 169 "-" "SogouPSI"
127.0.0.1 - - [20/Dec/2018:14:55:18 +0800] "POST http://www.sogou.com/imewis/msugg?ifc=4&em=4 HTTP/1.1" 404 169 "-" "SogouPSI"
127.0.0.1 - - [20/Dec/2018:14:55:18 +0800] "POST http://www.sogou.com/imewis/msugg?ifc=4&em=4 HTTP/1.1" 404 169 "-" "SogouPSI"
127.0.0.1 - - [20/Dec/2018:14:55:24 +0800] "POST http://www.sogou.com/imewis/msugg?ifc=4&em=4 HTTP/1.1" 404 169 "-" "SogouPSI"
127.0.0.1 - - [20/Dec/2018:14:55:24 +0800] "POST http://www.sogou.com/imewis/msugg?ifc=4&em=4 HTTP/1.1" 404 169 "-" "SogouPSI"
127.0.0.1 - - [20/Dec/2018:14:55:26 +0800] "POST http://www.sogou.com/imewis/msugg?ifc=4&em=4 HTTP/1.1" 404 169 "-" "SogouPSI"
127.0.0.1 - - [20/Dec/2018:14:55:26 +0800] "POST http://www.sogou.com/imewis/msugg?ifc=4&em=4 HTTP/1.1" 404 169 "-" "SogouPSI"
127.0.0.1 - - [20/Dec/2018:14:55:26 +0800] "POST http://www.sogou.com/imewis/msugg?ifc=4&em=4 HTTP/1.1" 404 169 "-" "SogouPSI"
127.0.0.1 - - [20/Dec/2018:14:55:27 +0800] "POST http://www.sogou.com/imewis/msugg?ifc=4&em=4 HTTP/1.1" 404 169 "-" "SogouPSI"
127.0.0.1 - - [20/Dec/2018:14:55:27 +0800] "POST http://www.sogou.com/imewis/msugg?ifc=4&em=4 HTTP/1.1" 404 169 "-" "SogouPSI"
192.168.175.128 - - [20/Dec/2018:14:56:24 +0800] "GET /inputfn.html HTTP/1.1" 200 341 "-" "Mozilla/5.0 (Windows NT 10.0; Win64; x64) AppleWebKit/537.36 (KHTML, like Gecko) Chrome/69.0.3497.100 Safari/537.36"
192.168.180.27 - - [20/Dec/2018:14:56:38 +0800] "GET /inputfn.html HTTP/1.1" 200 341 "-" "Mozilla/5.0 (iPhone; CPU iPhone OS 10_3_2 like Mac OS X) AppleWebKit/603.2.4 (KHTML, like Gecko) Mobile/14F89 MicroMessenger/6.7.4(0x1607042c) NetType/WIFI Language/zh_CN"
192.168.180.27 - - [20/Dec/2018:14:57:08 +0800] "GET /inputfn.html HTTP/1.1" 200 338 "-" "Mozilla/5.0 (iPhone; CPU iPhone OS 10_3_2 like Mac OS X) AppleWebKit/603.2.4 (KHTML, like Gecko) Mobile/14F89 MicroMessenger/6.7.4(0x1607042c) NetType/WIFI Language/zh_CN"
127.0.0.1 - - [20/Dec/2018:14:58:46 +0800] "POST http://www.sogou.com/imewis/msugg?ifc=4&em=4 HTTP/1.1" 404 169 "-" "SogouPSI"
127.0.0.1 - - [20/Dec/2018:14:58:46 +0800] "POST http://www.sogou.com/imewis/msugg?ifc=4&em=4 HTTP/1.1" 404 169 "-" "SogouPSI"
127.0.0.1 - - [20/Dec/2018:14:58:46 +0800] "POST http://www.sogou.com/imewis/msugg?ifc=4&em=4 HTTP/1.1" 404 169 "-" "SogouPSI"
127.0.0.1 - - [20/Dec/2018:14:58:47 +0800] "POST http://www.sogou.com/imewis/msugg?ifc=4&em=4 HTTP/1.1" 404 169 "-" "SogouPSI"
127.0.0.1 - - [20/Dec/2018:14:58:47 +0800] "POST http://www.sogou.com/imewis/msugg?ifc=4&em=4 HTTP/1.1" 404 169 "-" "SogouPSI"
127.0.0.1 - - [20/Dec/2018:14:58:47 +0800] "POST http://www.sogou.com/imewis/msugg?ifc=4&em=4 HTTP/1.1" 404 169 "-" "SogouPSI"
127.0.0.1 - - [20/Dec/2018:14:58:47 +0800] "POST http://www.sogou.com/imewis/msugg?ifc=4&em=4 HTTP/1.1" 404 169 "-" "SogouPSI"
127.0.0.1 - - [20/Dec/2018:14:58:48 +0800] "POST http://www.sogou.com/imewis/msugg?ifc=4&em=4 HTTP/1.1" 404 169 "-" "SogouPSI"
127.0.0.1 - - [20/Dec/2018:14:58:48 +0800] "POST http://www.sogou.com/imewis/msugg?ifc=4&em=4 HTTP/1.1" 404 169 "-" "SogouPSI"
127.0.0.1 - - [20/Dec/2018:14:58:49 +0800] "POST http://www.sogou.com/imewis/msugg?ifc=4&em=4 HTTP/1.1" 404 169 "-" "SogouPSI"
127.0.0.1 - - [20/Dec/2018:14:58:49 +0800] "POST http://www.sogou.com/imewis/msugg?ifc=4&em=4 HTTP/1.1" 404 169 "-" "SogouPSI"
127.0.0.1 - - [20/Dec/2018:14:58:49 +0800] "POST http://www.sogou.com/imewis/msugg?ifc=4&em=4 HTTP/1.1" 404 169 "-" "SogouPSI"
127.0.0.1 - - [20/Dec/2018:14:58:50 +0800] "POST http://www.sogou.com/imewis/msugg?ifc=4&em=4 HTTP/1.1" 404 169 "-" "SogouPSI"
127.0.0.1 - - [20/Dec/2018:14:58:50 +0800] "POST http://www.sogou.com/imewis/msugg?ifc=4&em=4 HTTP/1.1" 404 169 "-" "SogouPSI"
127.0.0.1 - - [20/Dec/2018:14:58:51 +0800] "POST http://www.sogou.com/imewis/msugg?ifc=4&em=4 HTTP/1.1" 404 169 "-" "SogouPSI"
127.0.0.1 - - [20/Dec/2018:14:58:51 +0800] "POST http://www.sogou.com/imewis/msugg?ifc=4&em=4 HTTP/1.1" 404 169 "-" "SogouPSI"
127.0.0.1 - - [20/Dec/2018:14:58:52 +0800] "POST http://www.sogou.com/imewis/msugg?ifc=4&em=4 HTTP/1.1" 404 169 "-" "SogouPSI"
127.0.0.1 - - [20/Dec/2018:14:58:53 +0800] "POST http://www.sogou.com/imewis/msugg?ifc=4&em=4 HTTP/1.1" 404 169 "-" "SogouPSI"
127.0.0.1 - - [20/Dec/2018:14:58:53 +0800] "POST http://www.sogou.com/imewis/msugg?ifc=4&em=4 HTTP/1.1" 404 169 "-" "SogouPSI"
127.0.0.1 - - [20/Dec/2018:14:58:54 +0800] "POST http://www.sogou.com/imewis/msugg?ifc=4&em=4 HTTP/1.1" 404 169 "-" "SogouPSI"
127.0.0.1 - - [20/Dec/2018:14:58:54 +0800] "POST http://www.sogou.com/imewis/msugg?ifc=4&em=4 HTTP/1.1" 404 169 "-" "SogouPSI"
127.0.0.1 - - [20/Dec/2018:14:58:55 +0800] "POST http://www.sogou.com/imewis/msugg?ifc=4&em=4 HTTP/1.1" 404 169 "-" "SogouPSI"
127.0.0.1 - - [20/Dec/2018:14:58:56 +0800] "POST http://www.sogou.com/imewis/msugg?ifc=4&em=4 HTTP/1.1" 404 169 "-" "SogouPSI"
127.0.0.1 - - [20/Dec/2018:14:58:56 +0800] "POST http://www.sogou.com/imewis/msugg?ifc=4&em=4 HTTP/1.1" 404 169 "-" "SogouPSI"
127.0.0.1 - - [20/Dec/2018:14:58:57 +0800] "POST http://www.sogou.com/imewis/msugg?ifc=4&em=4 HTTP/1.1" 404 169 "-" "SogouPSI"
127.0.0.1 - - [20/Dec/2018:14:58:58 +0800] "POST http://www.sogou.com/imewis/msugg?ifc=4&em=4 HTTP/1.1" 404 169 "-" "SogouPSI"
127.0.0.1 - - [20/Dec/2018:14:58:58 +0800] "POST http://www.sogou.com/imewis/msugg?ifc=4&em=4 HTTP/1.1" 404 169 "-" "SogouPSI"
127.0.0.1 - - [20/Dec/2018:14:58:59 +0800] "POST http://www.sogou.com/imewis/msugg?ifc=4&em=4 HTTP/1.1" 404 169 "-" "SogouPSI"
127.0.0.1 - - [20/Dec/2018:14:58:59 +0800] "POST http://www.sogou.com/imewis/msugg?ifc=4&em=4 HTTP/1.1" 404 169 "-" "SogouPSI"
127.0.0.1 - - [20/Dec/2018:14:58:59 +0800] "POST http://www.sogou.com/imewis/msugg?ifc=4&em=4 HTTP/1.1" 404 169 "-" "SogouPSI"
127.0.0.1 - - [20/Dec/2018:14:58:59 +0800] "POST http://www.sogou.com/imewis/msugg?ifc=4&em=4 HTTP/1.1" 404 169 "-" "SogouPSI"
127.0.0.1 - - [20/Dec/2018:14:58:59 +0800] "POST http://www.sogou.com/imewis/msugg?ifc=4&em=4 HTTP/1.1" 404 169 "-" "SogouPSI"
192.168.180.27 - - [20/Dec/2018:15:02:17 +0800] "GET /inputfn.html HTTP/1.1" 200 342 "-" "Mozilla/5.0 (iPhone; CPU iPhone OS 10_3_2 like Mac OS X) AppleWebKit/603.2.4 (KHTML, like Gecko) Mobile/14F89 MicroMessenger/6.7.4(0x1607042c) NetType/WIFI Language/zh_CN"
127.0.0.1 - - [20/Dec/2018:16:02:24 +0800] "POST http://www.sogou.com/imewis/msugg?ifc=4&em=4 HTTP/1.1" 404 169 "-" "SogouPSI"
127.0.0.1 - - [20/Dec/2018:16:02:24 +0800] "POST http://www.sogou.com/imewis/msugg?ifc=4&em=4 HTTP/1.1" 404 169 "-" "SogouPSI"
127.0.0.1 - - [20/Dec/2018:16:02:25 +0800] "POST http://www.sogou.com/imewis/msugg?ifc=4&em=4 HTTP/1.1" 404 169 "-" "SogouPSI"
127.0.0.1 - - [20/Dec/2018:16:02:25 +0800] "POST http://www.sogou.com/imewis/msugg?ifc=4&em=4 HTTP/1.1" 404 169 "-" "SogouPSI"
127.0.0.1 - - [20/Dec/2018:16:02:25 +0800] "POST http://www.sogou.com/imewis/msugg?ifc=4&em=4 HTTP/1.1" 404 169 "-" "SogouPSI"
127.0.0.1 - - [20/Dec/2018:16:02:26 +0800] "POST http://www.sogou.com/imewis/msugg?ifc=4&em=4 HTTP/1.1" 404 169 "-" "SogouPSI"
127.0.0.1 - - [20/Dec/2018:16:02:27 +0800] "POST http://www.sogou.com/imewis/msugg?ifc=4&em=4 HTTP/1.1" 404 169 "-" "SogouPSI"
127.0.0.1 - - [20/Dec/2018:16:02:27 +0800] "POST http://www.sogou.com/imewis/msugg?ifc=4&em=4 HTTP/1.1" 404 169 "-" "SogouPSI"
127.0.0.1 - - [20/Dec/2018:16:02:27 +0800] "POST http://www.sogou.com/imewis/msugg?ifc=4&em=4 HTTP/1.1" 404 169 "-" "SogouPSI"
127.0.0.1 - - [20/Dec/2018:16:02:28 +0800] "POST http://www.sogou.com/imewis/msugg?ifc=4&em=4 HTTP/1.1" 404 169 "-" "SogouPSI"
127.0.0.1 - - [20/Dec/2018:16:02:28 +0800] "POST http://www.sogou.com/imewis/msugg?ifc=4&em=4 HTTP/1.1" 404 169 "-" "SogouPSI"
127.0.0.1 - - [20/Dec/2018:16:02:29 +0800] "POST http://www.sogou.com/imewis/msugg?ifc=4&em=4 HTTP/1.1" 404 169 "-" "SogouPSI"
127.0.0.1 - - [20/Dec/2018:16:02:29 +0800] "POST http://www.sogou.com/imewis/msugg?ifc=4&em=4 HTTP/1.1" 404 169 "-" "SogouPSI"
127.0.0.1 - - [20/Dec/2018:16:02:29 +0800] "POST http://www.sogou.com/imewis/msugg?ifc=4&em=4 HTTP/1.1" 404 169 "-" "SogouPSI"
127.0.0.1 - - [20/Dec/2018:16:05:08 +0800] "POST http://www.sogou.com/imewis/msugg?ifc=4&em=4 HTTP/1.1" 404 169 "-" "SogouPSI"
127.0.0.1 - - [20/Dec/2018:16:05:09 +0800] "POST http://www.sogou.com/imewis/msugg?ifc=4&em=4 HTTP/1.1" 404 169 "-" "SogouPSI"
127.0.0.1 - - [20/Dec/2018:16:05:10 +0800] "POST http://www.sogou.com/imewis/msugg?ifc=4&em=4 HTTP/1.1" 404 169 "-" "SogouPSI"
127.0.0.1 - - [20/Dec/2018:16:05:10 +0800] "POST http://www.sogou.com/imewis/msugg?ifc=4&em=4 HTTP/1.1" 404 169 "-" "SogouPSI"
127.0.0.1 - - [20/Dec/2018:16:05:10 +0800] "POST http://www.sogou.com/imewis/msugg?ifc=4&em=4 HTTP/1.1" 404 169 "-" "SogouPSI"
127.0.0.1 - - [20/Dec/2018:16:05:11 +0800] "POST http://www.sogou.com/imewis/msugg?ifc=4&em=4 HTTP/1.1" 404 169 "-" "SogouPSI"
127.0.0.1 - - [20/Dec/2018:16:05:11 +0800] "POST http://www.sogou.com/imewis/msugg?ifc=4&em=4 HTTP/1.1" 404 169 "-" "SogouPSI"
127.0.0.1 - - [20/Dec/2018:16:05:11 +0800] "POST http://www.sogou.com/imewis/msugg?ifc=4&em=4 HTTP/1.1" 404 169 "-" "SogouPSI"
127.0.0.1 - - [20/Dec/2018:16:05:18 +0800] "POST http://www.sogou.com/imewis/msugg?ifc=4&em=4 HTTP/1.1" 404 169 "-" "SogouPSI"
127.0.0.1 - - [20/Dec/2018:16:05:18 +0800] "POST http://www.sogou.com/imewis/msugg?ifc=4&em=4 HTTP/1.1" 404 169 "-" "SogouPSI"
127.0.0.1 - - [20/Dec/2018:16:05:18 +0800] "POST http://www.sogou.com/imewis/msugg?ifc=4&em=4 HTTP/1.1" 404 169 "-" "SogouPSI"
127.0.0.1 - - [20/Dec/2018:16:05:18 +0800] "POST http://www.sogou.com/imewis/msugg?ifc=4&em=4 HTTP/1.1" 404 169 "-" "SogouPSI"
127.0.0.1 - - [20/Dec/2018:16:05:19 +0800] "POST http://www.sogou.com/imewis/msugg?ifc=4&em=4 HTTP/1.1" 404 169 "-" "SogouPSI"
127.0.0.1 - - [20/Dec/2018:16:05:19 +0800] "POST http://www.sogou.com/imewis/msugg?ifc=4&em=4 HTTP/1.1" 404 169 "-" "SogouPSI"
127.0.0.1 - - [20/Dec/2018:16:05:19 +0800] "POST http://www.sogou.com/imewis/msugg?ifc=4&em=4 HTTP/1.1" 404 169 "-" "SogouPSI"
127.0.0.1 - - [20/Dec/2018:16:05:21 +0800] "POST http://www.sogou.com/imewis/msugg?ifc=4&em=4 HTTP/1.1" 404 169 "-" "SogouPSI"
127.0.0.1 - - [20/Dec/2018:16:05:21 +0800] "POST http://www.sogou.com/imewis/msugg?ifc=4&em=4 HTTP/1.1" 404 169 "-" "SogouPSI"
127.0.0.1 - - [20/Dec/2018:16:05:21 +0800] "POST http://www.sogou.com/imewis/msugg?ifc=4&em=4 HTTP/1.1" 404 169 "-" "SogouPSI"
127.0.0.1 - - [20/Dec/2018:16:05:21 +0800] "POST http://www.sogou.com/imewis/msugg?ifc=4&em=4 HTTP/1.1" 404 169 "-" "SogouPSI"
127.0.0.1 - - [20/Dec/2018:16:05:22 +0800] "POST http://www.sogou.com/imewis/msugg?ifc=4&em=4 HTTP/1.1" 404 169 "-" "SogouPSI"
127.0.0.1 - - [20/Dec/2018:16:05:22 +0800] "POST http://www.sogou.com/imewis/msugg?ifc=4&em=4 HTTP/1.1" 404 169 "-" "SogouPSI"
127.0.0.1 - - [20/Dec/2018:16:05:22 +0800] "POST http://www.sogou.com/imewis/msugg?ifc=4&em=4 HTTP/1.1" 404 169 "-" "SogouPSI"
127.0.0.1 - - [20/Dec/2018:16:06:04 +0800] "POST http://www.sogou.com/imewis/msugg?ifc=4&em=4 HTTP/1.1" 404 169 "-" "SogouPSI"
127.0.0.1 - - [20/Dec/2018:16:06:04 +0800] "POST http://www.sogou.com/imewis/msugg?ifc=4&em=4 HTTP/1.1" 404 169 "-" "SogouPSI"
127.0.0.1 - - [20/Dec/2018:16:06:04 +0800] "POST http://www.sogou.com/imewis/msugg?ifc=4&em=4 HTTP/1.1" 404 169 "-" "SogouPSI"
127.0.0.1 - - [20/Dec/2018:16:06:05 +0800] "POST http://www.sogou.com/imewis/msugg?ifc=4&em=4 HTTP/1.1" 404 169 "-" "SogouPSI"
127.0.0.1 - - [20/Dec/2018:16:06:06 +0800] "POST http://www.sogou.com/imewis/msugg?ifc=4&em=4 HTTP/1.1" 404 169 "-" "SogouPSI"
127.0.0.1 - - [20/Dec/2018:16:06:06 +0800] "POST http://www.sogou.com/imewis/msugg?ifc=4&em=4 HTTP/1.1" 404 169 "-" "SogouPSI"
127.0.0.1 - - [20/Dec/2018:16:06:06 +0800] "POST http://www.sogou.com/imewis/msugg?ifc=4&em=4 HTTP/1.1" 404 169 "-" "SogouPSI"
127.0.0.1 - - [20/Dec/2018:16:06:06 +0800] "POST http://www.sogou.com/imewis/msugg?ifc=4&em=4 HTTP/1.1" 404 169 "-" "SogouPSI"
127.0.0.1 - - [20/Dec/2018:16:06:08 +0800] "POST http://www.sogou.com/imewis/msugg?ifc=4&em=4 HTTP/1.1" 404 169 "-" "SogouPSI"
127.0.0.1 - - [20/Dec/2018:16:06:08 +0800] "POST http://www.sogou.com/imewis/msugg?ifc=4&em=4 HTTP/1.1" 404 169 "-" "SogouPSI"
127.0.0.1 - - [20/Dec/2018:16:06:09 +0800] "POST http://www.sogou.com/imewis/msugg?ifc=4&em=4 HTTP/1.1" 404 169 "-" "SogouPSI"
127.0.0.1 - - [20/Dec/2018:16:06:11 +0800] "POST http://www.sogou.com/imewis/msugg?ifc=4&em=4 HTTP/1.1" 404 169 "-" "SogouPSI"
127.0.0.1 - - [20/Dec/2018:16:06:11 +0800] "POST http://www.sogou.com/imewis/msugg?ifc=4&em=4 HTTP/1.1" 404 169 "-" "SogouPSI"
127.0.0.1 - - [20/Dec/2018:16:06:11 +0800] "POST http://www.sogou.com/imewis/msugg?ifc=4&em=4 HTTP/1.1" 404 169 "-" "SogouPSI"
127.0.0.1 - - [20/Dec/2018:16:06:12 +0800] "POST http://www.sogou.com/imewis/msugg?ifc=4&em=4 HTTP/1.1" 404 169 "-" "SogouPSI"
127.0.0.1 - - [20/Dec/2018:16:06:13 +0800] "POST http://www.sogou.com/imewis/msugg?ifc=4&em=4 HTTP/1.1" 404 169 "-" "SogouPSI"
127.0.0.1 - - [20/Dec/2018:16:06:13 +0800] "POST http://www.sogou.com/imewis/msugg?ifc=4&em=4 HTTP/1.1" 404 169 "-" "SogouPSI"
127.0.0.1 - - [20/Dec/2018:16:06:13 +0800] "POST http://www.sogou.com/imewis/msugg?ifc=4&em=4 HTTP/1.1" 404 169 "-" "SogouPSI"
